<html>
<body>
<pre>
<h1>µVision Build Log</h1>
<h2>Tool Versions:</h2>
IDE-Version: ¦ÌVision V5.25.2.0
Copyright (C) 2018 ARM Ltd and ARM Germany GmbH. All rights reserved.
License Information: Tianyi Liu, Western University, LIC=P6F63-AVFR8-ZE7H2-9WERN-Y1SV4-JKPS5
 
Tool Versions:
Toolchain:       MDK-ARM Professional  Version: 5.25.2.0
Toolchain Path:  C:\Keil_v5\ARM\ARMCC\Bin
C Compiler:      Armcc.exe V5.06 update 6 (build 750)
Assembler:       Armasm.exe V5.06 update 6 (build 750)
Linker/Locator:  ArmLink.exe V5.06 update 6 (build 750)
Library Manager: ArmAr.exe V5.06 update 6 (build 750)
Hex Converter:   FromElf.exe V5.06 update 6 (build 750)
CPU DLL:         SARMCM3.DLL V5.25.2.0
Dialog DLL:      DARMSTM.DLL V1.68.0.0
Target DLL:      STLink\ST-LINKIII-KEIL_SWO.dll V3.0.1.0
Dialog DLL:      TARMSTM.DLL V1.66.0.0
 
<h2>Project:</h2>
C:\Users\Tianyi\Downloads\OV7725_BMP-master\ÖÇÄÜË®±í\USER\PICTURE.uvprojx
Project File Date:  03/03/2019

<h2>Output:</h2>
*** Using Compiler 'V5.06 update 6 (build 750)', folder: 'C:\Keil_v5\ARM\ARMCC\Bin'
Build target 'Target 1'
compiling led.c...
compiling sccb.c...
compiling MMC_SD.C...
..\SYSTEM\usart\usart.h(31): warning:  #1-D: last line of file ends without a newline
  #endif
..\HARDWARE\SD\MMC_SD.C: 1 warning, 0 errors
compiling crc16.c...
crc16.c(56): warning:  #1-D: last line of file ends without a newline
  }
crc16.c: 1 warning, 0 errors
compiling flash.c...
compiling sram.c...
..\SYSTEM\usart\usart.h(31): warning:  #1-D: last line of file ends without a newline
  #endif
..\HARDWARE\SRAM\sram.c: 1 warning, 0 errors
compiling nbiot.c...
nbiot.h(5): warning:  #1295-D: Deprecated declaration NB_Init - give arg types
  void NB_Init();
nbiot.h(13): warning:  #1-D: last line of file ends without a newline
  #endif
..\SYSTEM\usart\usart.h(31): warning:  #1-D: last line of file ends without a newline
  #endif
crc16.h(19): warning:  #1-D: last line of file ends without a newline
  #endif
nbiot.c(37): warning:  #167-D: argument of type "char *" is incompatible with parameter of type "u8 *"
  	getString(data, 9, datastr);
nbiot.c(39): warning:  #167-D: argument of type "char *" is incompatible with parameter of type "u8 *"
  	getCrc16(data, 9, res);
nbiot.c(59): warning:  #223-D: function "delay_ms" declared implicitly
  		delay_ms(3000);
nbiot.c(98): warning:  #223-D: function "delay_ms" declared implicitly
  		delay_ms(1000);
nbiot.c(133): warning:  #177-D: variable "i"  was declared but never referenced
  	int i = 0;
nbiot.c: 9 warnings, 0 errors
compiling usart.c...
..\SYSTEM\usart\usart.h(31): warning:  #1-D: last line of file ends without a newline
  #endif
..\SYSTEM\usart\usart.c: 1 warning, 0 errors
compiling piclib.c...
compiling bmp.c...
..\PICTURE\bmp.c(373): warning:  #1-D: last line of file ends without a newline
  }
..\PICTURE\bmp.c: 1 warning, 0 errors
linking...
..\OBJ\VisionProject.axf: Warning: L6304W: Duplicate input file ..\obj\exti_1.o ignored.
Program Size: Code=70286 RO-data=6658 RW-data=1036 ZI-data=259732  
Finished: 0 information, 1 warning and 0 error messages.
FromELF: creating hex file...
"..\OBJ\VisionProject.axf" - 0 Error(s), 15 Warning(s).

<h2>Software Packages used:</h2>

Package Vendor: Keil
                http://www.keil.com/pack/Keil.STM32F1xx_DFP.2.2.0.pack
                Keil.STM32F1xx_DFP.2.2.0
                STMicroelectronics STM32F1 Series Device Support, Drivers and Examples

<h2>Collection of Component include folders:</h2>
  .\RTE\_Target_1
  C:\Keil_v5\ARM\PACK\Keil\STM32F1xx_DFP\2.2.0\Device\Include

<h2>Collection of Component Files used:</h2>
Build Time Elapsed:  00:00:03
</pre>
</body>
</html>
